Checking R environment...

Rscript:
/nfs/mfirdausi/miniconda3/envs/pytorch/bin/Rscript

Required R packages:
tm=TRUE
SnowballC=TRUE
slam=TRUE
topicmodels=TRUE


Checking input files...

Found: /nfs/mfirdausi/project/review_paper_fahruddin/output/scopus_research_landscape/lda/r_preprocessing/scopus_academic_processed.csv
Found: /nfs/mfirdausi/project/review_paper_fahruddin/output/scopus_research_landscape/lda/scopus_academic_train_indices.csv
Found: /nfs/mfirdausi/project/review_paper_fahruddin/output/scopus_research_landscape/lda/scopus_academic_test_indices.csv

Created R worker: /nfs/mfirdausi/project/review_paper_fahruddin/output/scopus_research_landscape/lda/coarse_parallel/fit_single_k_scopus.R

========================================================================
SCOPUS ACADEMIC PARALLEL COARSE K SEARCH
========================================================================
Project directory : /nfs/mfirdausi/project/review_paper_fahruddin
Rscript           : /nfs/mfirdausi/miniconda3/envs/pytorch/bin/Rscript
Processed corpus  : /nfs/mfirdausi/project/review_paper_fahruddin/output/scopus_research_landscape/lda/r_preprocessing/scopus_academic_processed.csv
Training indices  : /nfs/mfirdausi/project/review_paper_fahruddin/output/scopus_research_landscape/lda/scopus_academic_train_indices.csv
Held-out indices  : /nfs/mfirdausi/project/review_paper_fahruddin/output/scopus_research_landscape/lda/scopus_academic_test_indices.csv
Minimum DF        : 83
K values          : [5, 10, 15, 20, 25, 30, 40, 50, 60]
Parallel workers  : 8
Burn-in           : 200
Iterations        : 800
Thin              : 20
========================================================================
[DONE] K= 5 | perplexity=908.5582 | R time=162.86 s
