Constructing full-corpus DTM...
Raw documents: 50761 
Raw vocabulary: 120114 
Filtered vocabulary: 2002 
Minimum DF: 254 
Documents retained: 50761 
Empty documents removed: 0 
Final K: 50 
Random seed: 123 
Burn-in: 500 
Iterations: 2000 
Thin: 50 
Top terms: 10 
Representative documents per topic: 5 

Fitting final K = 50 LDA model on full corpus...
Extracting posterior distributions...
Saving topic-term posterior...
Extracting top terms...
Saving document-topic posterior...
Calculating topic prevalence...
Selecting representative documents...

============================================================
FINAL SCOPUS ACADEMIC LDA COMPLETE
============================================================
K: 50 
Documents: 50761 
Vocabulary: 2002 
Theta max row-sum error: 1.110223e-16 
Beta max row-sum error: 2.220446e-16 
Topic prevalence sum: 1 
Elapsed seconds: 1013.525 
============================================================
